2 Chapter Two

2.3 Section 3
    Skip [yNq] ? 
2.3.1 First Subsection
    Skip [yNq] ? 
Paragraph 1.

Paragraph 2.

Paragraph 3.

2.3.2 Second Subsection
    Skip [yNq] ? 
Paragraph 4.

2.4 Section 4
    Skip [yNq] ? 
Paragraph 4.1

2.4.1 A Final Subsection
    Skip [yNq] ? 
A final ____.
Fill in 1 blanked term: 
