
Simple Test of Term Blanking and Ordering
    Skip [yNq] ? 
Hello ____
Fill in 1 blanked term:  >> Paul,;

____ ____ ____
Fill in 1 blanked term:  >> World Health Organisation,;

A hyphen test: ____–____.
Fill in 1 blanked term:  >> micro computer,;

Monday, Tuesday, Wednesday, ____, ____, Saturday and Sunday.
Fill in 2 blanked terms:  >> Friday, Thursday,;

The days of the week are: Monday, Tuesday, ____, Thursday, ____, Saturday and Sunday makes seven.
Fill in 2 blanked terms:  >> Friday, Wednesday,;

Day and night. 
____ and ____.
Fill in 2 blanked terms:  >> day, night,;

Light or dark. 
____ or ____.
Fill in 2 blanked terms:  >> dark, light,;

True/False. 
____/____.
Fill in 2 blanked terms:  >> false, true,;

Is it not a Black/White dichotomy. 
Is it not a ____/____ dichtomy.
Fill in 2 blanked terms:  >> Black, White,;

I am at once happy/sad/confused. 
I am at once ____/____/____.
Fill in 3 blanked terms:  >> confused, happy, sad,;

The cat counted ____ and two and ____.
Fill in 2 blanked terms:  >> one, three,;

Gosh: ____ ____ and ____ ____ too.
Fill in 2 blanked terms:  >> really rich, very handsome,;

There are two smoothies: ____ ____ and ____ ____.
Fill in 2 blanked terms: 
A little clearer: operator ____ and operator ____.
Fill in 2 blanked terms:  >> delete[], new[],;


Simple Test of Term Blanking and Ordering
    Repeat [yNq] ? 
Hello ____
Fill in 1 blanked term: 
____ ____ ____
Fill in 1 blanked term: 
A hyphen test: ____–____.
Fill in 1 blanked term: 
Monday, Tuesday, ____, ____, Friday, Saturday and Sunday.
Fill in 2 blanked terms: 
The days of the week are: Monday, Tuesday, ____, Thursday, Friday, ____ and Sunday makes seven.
Fill in 2 blanked terms: 
Day and night. 
____ and ____.
Fill in 2 blanked terms: 
Light or dark. 
____ or ____.
Fill in 2 blanked terms: 
True/False. 
____/____.
Fill in 2 blanked terms: 
Is it not a Black/White dichotomy. 
Is it not a ____/____ dichtomy.
Fill in 2 blanked terms: 
I am at once happy/sad/confused. 
I am at once ____/____/____.
Fill in 3 blanked terms: 
The cat counted one and ____ and ____.
Fill in 2 blanked terms: 
Gosh: ____ ____ and ____ ____ too.
Fill in 2 blanked terms: 
There are two smoothies: ____ ____ and ____ ____.
Fill in 2 blanked terms: 
A little clearer: operator ____ and operator ____.
Fill in 2 blanked terms: 

Simple Test of Term Blanking and Ordering
    Repeat [yNq] ? 

Simple Check that Terminating Separators are Handled Properly
    Skip [yNq] ? 
Answer should be operator+: ____.
Fill in 1 blanked term:  >> operator+,;

Answer should be operator-: ____.
Fill in 1 blanked term:  >> operator-,;

Answer should be operator*: ____.
Fill in 1 blanked term:  >> operator*,;

Answer should be operator/: ____.
Fill in 1 blanked term:  >> operator/,;


Simple Check that Terminating Separators are Handled Properly
    Repeat [yNq] ? 
Answer should be operator+: ____.
Fill in 1 blanked term: 
Answer should be operator-: ____.
Fill in 1 blanked term: 
Answer should be operator*: ____.
Fill in 1 blanked term: 
Answer should be operator/: ____.
Fill in 1 blanked term: 

Test Capitalisation at the Start of a Sentence
    Skip [yNq] ? 
