
Test of Shuffle Function with Markdown
    Skip [yNq] ? 
A fifth paragraph.

A fourth paragraph.

A second paragraph.

A third paragraph.

A first paragraph.

A sixth paragraph.

A seventh paragraph.

A eighth paragraph.

A ninth paragraph.

A tenth paragraph.

A eleventh paragraph.

A twelfth paragraph.

And as a ____: 

  A first item.

  A third item.

  A fifth item.

  A second item.

  A fourth item.

Fill in 1 blanked term:  >> list,;


Test of Shuffle Function with Markdown
    Repeat [yNq] ? 
