
Test Capitalisation at the Start of a Sentence
    Skip [yNq] ? 
Hello ____ !
Fill in 1 blanked term: 
____ Paul !
Fill in 1 blanked term: 
Initial capital to lower case. ____ Paul !
Fill in 1 blanked term: 
Not an initial capital. A big ____ Paul !
Fill in 1 blanked term: 
Again, initial capital to lower case. ____ ____ Paul !
Fill in 1 blanked term: 

Test Acceptance of Alternative Spellings
    Skip [yNq] ? 
An alternative spelling of initialise is ____.
Fill in 1 blanked term: 
An alternative spelling of initialize is ____.
Fill in 1 blanked term: 
An alternative spelling of specialisation is ____.
Fill in 1 blanked term: 
An incorrect spelling of practised is ____.
Fill in 1 blanked term: 
The US spelling of colour is ____.
Fill in 1 blanked term: 

Test Acceptance of Singuler for Plural and Vice Veras
    Skip [yNq] ? 
The plural of people is ____.
Fill in 1 blanked term: 
The singular of peoples is ____.
Fill in 1 blanked term: 
The plural of piano is ____.
Fill in 1 blanked term: 
The plural of half is ____.
Fill in 1 blanked term: 
The plural of country is ____.
Fill in 1 blanked term: 
The plural of focus is ____.
Fill in 1 blanked term: 
The plural of woman is ____.
Fill in 1 blanked term: 
The plural of ax is ____.
Fill in 1 blanked term: 
The plural of axis is ____.
Fill in 1 blanked term: 
People see with ____ ____.
Fill in 1 blanked term: 

Time to Quit
    Skip [yNq] ? 
