Display Text for Links and Images

So here is a link with text: "The Wikipedia".

Here is the same link with no text: "".

Display Alternative Text for Images

Here is an image: "W3Schools.com".

Here it is again: "W3Schools.com".

Here is a link with an image instead of text: "HTML tutorial".

Here it is again: "HTML tutorial".

Done
